apiVersion: v1
kind: Secret
metadata:
  annotations: {}
  labels:
    name: cloudscale
  name: cloudscale
  namespace: syn-cloudscale-cloud-controller-manager
stringData:
  access-token: t-silent-test-1234/c-green-test-1234/cloudscale/token
type: Opaque
